---
source: facet-json/tests/integration/err.rs
expression: err
---
Error at [93m$[0m:
[2m     1[0m 
[2m     2[0m   }
         [31m‚é©[0m [94mUnexpectedCharacter('}')[0m
