---
source: facet-json/tests/integration/err.rs
expression: err
---
[2m     1[0m  }
        [31m‚é©[0m [94mUnexpectedCharacter('}')[0m
