---
source: facet-json/tests/integration/err.rs
expression: err
---
[31mError:[0m Error at [33m$[39m
   [38;5;246mâ•­[0m[38;5;246mâ”€[0m[38;5;246m[[0m json:1:2 [38;5;246m][0m
   [38;5;246mâ”‚[0m
 [38;5;246m1 â”‚[0m [38;5;249m[[0m[31m[[0m[38;5;249m][0m[38;5;249m][0m
 [38;5;240m  â”‚[0m  [31mâ”¬[0m  
 [38;5;240m  â”‚[0m  [31mâ•°[0m[31mâ”€[0m[31mâ”€[0m Unsupported type: got [31m()[39m, wanted [32mempty array[39m
[38;5;246mâ”€â”€â”€â•¯[0m
