---
source: facet-json/tests/integration/err.rs
expression: err
---
[31mError:[0m Error at [33m$.bar[39m
   [38;5;246mâ•­[0m[38;5;246mâ”€[0m[38;5;246m[[0m json:1:20 [38;5;246m][0m
   [38;5;246mâ”‚[0m
 [38;5;246m1 â”‚[0m [38;5;249m{[0m[38;5;249m"[0m[38;5;249mf[0m[38;5;249mo[0m[38;5;249mo[0m[38;5;249m"[0m[38;5;249m:[0m[38;5;249m [0m[38;5;249m4[0m[38;5;249m2[0m[38;5;249m,[0m[38;5;249m [0m[38;5;249m"[0m[38;5;249mb[0m[38;5;249ma[0m[38;5;249mr[0m[38;5;249m"[0m[38;5;249m:[0m[38;5;249m [0m[31m4[0m[31m2[0m[38;5;249m}[0m
 [38;5;240m  â”‚[0m                    [31mâ”€[0m[31mâ”¬[0m  
 [38;5;240m  â”‚[0m                     [31mâ•°[0m[31mâ”€[0m[31mâ”€[0m Wrong shape: expected [32mString[39m, but got [31mu64[39m
[38;5;246mâ”€â”€â”€â•¯[0m
