---
source: facet-json/tests/integration/err.rs
expression: err
---
[31mError:[0m 
   [38;5;246mâ•­[0m[38;5;246mâ”€[0m[38;5;246m[[0m json:1:5 [38;5;246m][0m
   [38;5;246mâ”‚[0m
 [38;5;246m1 â”‚[0m [38;5;249m[[0m[38;5;249m1[0m[38;5;249m0[0m[38;5;249m,[0m[31m2[0m[31m0[0m[38;5;249m][0m
 [38;5;240m  â”‚[0m     [31mâ”€[0m[31mâ”¬[0m  
 [38;5;240m  â”‚[0m      [31mâ•°[0m[31mâ”€[0m[31mâ”€[0m Field error for shape [31m(i32)[39m: No such field
[38;5;246mâ”€â”€â”€â•¯[0m
