---
source: facet-derive-emit/tests/codegen/mod.rs
expression: "expand(r#\"\n        #[derive(Facet)]\n        #[facet(rename_all = \"snake_case\")]\n        struct SnakeCaseExample {\n            fieldOne: String, // Note the camelCase input field name\n            fieldTwo: String,\n        }\n        \"#)"
---
#[used]
static SNAKE_CASE_EXAMPLE_SHAPE: &'static ::facet::Shape =
    <SnakeCaseExample as ::facet::Facet>::SHAPE;
#[automatically_derived]
unsafe impl<'__facet> ::facet::Facet<'__facet> for SnakeCaseExample {
    const SHAPE: &'static ::facet::Shape = &const {
        let fields: &'static [::facet::Field] = &const {
            [
                {
                    ::facet::Field::builder()
                        .name("field_one")
                        .shape(|| ::facet::shape_of(&|s: &SnakeCaseExample| &s.fieldOne))
                        .offset(::core::mem::offset_of!(SnakeCaseExample, fieldOne))
                        .build()
                },
                {
                    ::facet::Field::builder()
                        .name("field_two")
                        .shape(|| ::facet::shape_of(&|s: &SnakeCaseExample| &s.fieldTwo))
                        .offset(::core::mem::offset_of!(SnakeCaseExample, fieldTwo))
                        .build()
                },
            ]
        };
        let vtable = &const {
            let mut vtable = ::facet::value_vtable!(
                Self,
                |f, _opts| ::core::fmt::Write::write_str(f, "SnakeCaseExample")
            );
            vtable
        };
        ::facet::Shape::builder()
            .id(::facet::ConstTypeId::of::<Self>())
            .layout(::core::alloc::Layout::new::<Self>())
            .vtable(vtable)
            .def(::facet::Def::Struct(
                ::facet::StructDef::builder()
                    .kind(::facet::StructKind::Struct)
                    .fields(fields)
                    .build(),
            ))
            .build()
    };
}
