---
source: facet-derive-emit/tests/codegen/mod.rs
expression: "expand(r#\"\n        #[derive(Facet)]\n        #[facet(rename_all = \"PascalCase\")]\n        struct PascalCaseExample {\n            field_one: String,\n            field_two: String,\n        }\n        \"#)"
---
#[used]
static PASCAL_CASE_EXAMPLE_SHAPE: &'static ::facet::Shape =
    <PascalCaseExample as ::facet::Facet>::SHAPE;
#[automatically_derived]
unsafe impl<'__facet> ::facet::Facet<'__facet> for PascalCaseExample {
    const SHAPE: &'static ::facet::Shape = &const {
        let fields: &'static [::facet::Field] = &const {
            [
                ::facet::Field::builder()
                    .name("FieldOne")
                    .shape(|| ::facet::shape_of(&|s: &PascalCaseExample| &s.field_one))
                    .offset(::core::mem::offset_of!(PascalCaseExample, field_one))
                    .flags(::facet::FieldFlags::EMPTY)
                    .attributes(&const { [::facet::FieldAttribute::Rename("FieldOne")] })
                    .build(),
                ::facet::Field::builder()
                    .name("FieldTwo")
                    .shape(|| ::facet::shape_of(&|s: &PascalCaseExample| &s.field_two))
                    .offset(::core::mem::offset_of!(PascalCaseExample, field_two))
                    .flags(::facet::FieldFlags::EMPTY)
                    .attributes(&const { [::facet::FieldAttribute::Rename("FieldTwo")] })
                    .build(),
            ]
        };
        let vtable = &const {
            let mut vtable = ::facet::value_vtable!(
                Self,
                |f, _opts| ::core::fmt::Write::write_str(f, "PascalCaseExample")
            );
            vtable
        };
        ::facet::Shape::builder()
            .id(::facet::ConstTypeId::of::<Self>())
            .layout(::core::alloc::Layout::new::<Self>())
            .vtable(vtable)
            .def(::facet::Def::Struct(
                ::facet::StructDef::builder()
                    .kind(::facet::StructKind::Struct)
                    .fields(fields)
                    .build(),
            ))
            .attributes(&[::facet::ShapeAttribute::RenameAll("PascalCase")])
            .build()
    };
}
