---
source: facet-derive-emit/tests/codegen/mod.rs
expression: "expand(r#\"\n        #[repr(u8)]\n        #[derive(Facet)]\n        enum Test {\n          Red,\n          Blue = 7,\n          Green,\n          Yellow = 10,\n        }\n        \"#)"
---
#[used]
static TEST_SHAPE: &'static ::facet::Shape = <Test as ::facet::Facet>::SHAPE;
#[automatically_derived]
#[allow(non_camel_case_types)]
unsafe impl<'__facet> ::facet::Facet<'__facet> for Test {
    const SHAPE: &'static ::facet::Shape = &const {
        let __facet_variants: &'static [::facet::Variant] = &const {
            [
                ::facet::Variant::builder()
                    .name("Red")
                    .discriminant(0i64)
                    .fields(::facet::StructDef::builder().unit().build())
                    .build(),
                ::facet::Variant::builder()
                    .name("Blue")
                    .discriminant(7i64)
                    .fields(::facet::StructDef::builder().unit().build())
                    .build(),
                ::facet::Variant::builder()
                    .name("Green")
                    .discriminant(8i64)
                    .fields(::facet::StructDef::builder().unit().build())
                    .build(),
                ::facet::Variant::builder()
                    .name("Yellow")
                    .discriminant(10i64)
                    .fields(::facet::StructDef::builder().unit().build())
                    .build(),
            ]
        };
        ::facet::Shape::builder()
            .id(::facet::ConstTypeId::of::<Self>())
            .layout(::core::alloc::Layout::new::<Self>())
            .vtable(
                &const {
                    ::facet::value_vtable!(Self, |f, _opts| ::core::fmt::Write::write_str(
                        f, "Test"
                    ))
                },
            )
            .def(::facet::Def::Enum(
                ::facet::EnumDef::builder()
                    .variants(__facet_variants)
                    .repr(::facet::EnumRepr::U8)
                    .build(),
            ))
            .build()
    };
}
