---
source: facet-derive-emit/tests/codegen/mod.rs
expression: "expand(r#\"\n        #[derive(Facet)]\n        #[facet(rename_all = \"SCREAMING-KEBAB-CASE\")]\n        struct ScreamingKebabCaseExample {\n            field_one: String,\n            field_two: String,\n        }\n        \"#)"
---
#[used]
static SCREAMING_KEBAB_CASE_EXAMPLE_SHAPE: &'static ::facet::Shape =
    <ScreamingKebabCaseExample as ::facet::Facet>::SHAPE;
#[automatically_derived]
unsafe impl<'__facet> ::facet::Facet<'__facet> for ScreamingKebabCaseExample {
    const SHAPE: &'static ::facet::Shape = &const {
        let fields: &'static [::facet::Field] = &const {
            [
                ::facet::Field::builder()
                    .name("FIELD-ONE")
                    .shape(|| ::facet::shape_of(&|s: &ScreamingKebabCaseExample| &s.field_one))
                    .offset(::core::mem::offset_of!(
                        ScreamingKebabCaseExample,
                        field_one
                    ))
                    .flags(::facet::FieldFlags::EMPTY)
                    .attributes(&const { [::facet::FieldAttribute::Rename("FIELD-ONE")] })
                    .build(),
                ::facet::Field::builder()
                    .name("FIELD-TWO")
                    .shape(|| ::facet::shape_of(&|s: &ScreamingKebabCaseExample| &s.field_two))
                    .offset(::core::mem::offset_of!(
                        ScreamingKebabCaseExample,
                        field_two
                    ))
                    .flags(::facet::FieldFlags::EMPTY)
                    .attributes(&const { [::facet::FieldAttribute::Rename("FIELD-TWO")] })
                    .build(),
            ]
        };
        let vtable = &const {
            let mut vtable = ::facet::value_vtable!(
                Self,
                |f, _opts| ::core::fmt::Write::write_str(f, "ScreamingKebabCaseExample")
            );
            vtable
        };
        ::facet::Shape::builder()
            .id(::facet::ConstTypeId::of::<Self>())
            .layout(::core::alloc::Layout::new::<Self>())
            .vtable(vtable)
            .def(::facet::Def::Struct(
                ::facet::StructDef::builder()
                    .kind(::facet::StructKind::Struct)
                    .fields(fields)
                    .build(),
            ))
            .attributes(&[::facet::ShapeAttribute::RenameAll("SCREAMING-KEBAB-CASE")])
            .build()
    };
}
