---
source: facet-derive-emit/tests/codegen/mod.rs
expression: "expand(r#\"\n        #[derive(Facet)]\n        pub struct Test<T> {\n            pub(crate) a: T,\n        }\n        \"#)"
---
#[automatically_derived]
unsafe impl<'__facet, T> ::facet::Facet<'__facet> for Test<T>
where
    T: ::facet::Facet<'__facet>,
{
    const VTABLE: &'static ::facet::ValueVTable = &const {
        let mut vtable =
            ::facet::value_vtable!(Self, |f, _opts| ::core::fmt::Write::write_str(f, "Test"));
        vtable
    };
    const SHAPE: &'static ::facet::Shape = &const {
        let fields: &'static [::facet::Field] = &const {
            [{
                ::facet::Field::builder()
                    .name("a")
                    .shape(::facet::shape_of(&|s: &Test<T>| &s.a))
                    .offset(::core::mem::offset_of!(Test<T>, a))
                    .build()
            }]
        };
        ::facet::Shape::builder_for_sized::<Self>()
            .type_params(&[::facet::TypeParam {
                name: "T",
                shape: || <T as ::facet::Facet>::SHAPE,
            }])
            .ty(::facet::Type::User(::facet::UserType::Struct(
                ::facet::StructType::builder()
                    .repr(::facet::Repr::c())
                    .kind(::facet::StructKind::Struct)
                    .fields(fields)
                    .build(),
            )))
            .build()
    };
}
