---
source: facet-args/tests/err.rs
expression: err
---
[31mError:[0m 
   [38;5;246mâ•­[0m[38;5;246mâ”€[0m[38;5;246m[[0m args:1:15 [38;5;246m][0m
   [38;5;246mâ”‚[0m
 [38;5;246m1 â”‚[0m [38;5;249m-[0m[38;5;249m-[0m[38;5;249mc[0m[38;5;249mo[0m[38;5;249mn[0m[38;5;249mc[0m[38;5;249mu[0m[38;5;249mr[0m[38;5;249mr[0m[38;5;249me[0m[38;5;249mn[0m[38;5;249mc[0m[38;5;249my[0m[38;5;249m [0m[31my[0m[31me[0m[31ms[0m
 [38;5;240m  â”‚[0m               [31mâ”€[0m[31mâ”¬[0m[31mâ”€[0m  
 [38;5;240m  â”‚[0m                [31mâ•°[0m[31mâ”€[0m[31mâ”€[0m[31mâ”€[0m While trying to put [32mString[39m into a [34musize[39m: [31mIncompatible types: String (expected one of usize, u64, i64, f64)[39m
[38;5;246mâ”€â”€â”€â•¯[0m
