---
source: facet-json/tests/integration/read/diagnostics.rs
expression: display_str
snapshot_kind: text
---
[31mError:[0m 
   [38;5;246mâ•­[0m[38;5;246mâ”€[0m[38;5;246m[[0m json:1:1 [38;5;246m][0m
   [38;5;246mâ”‚[0m
 [38;5;246m1 â”‚[0m [31mx[0m
 [38;5;240m  â”‚[0m [31mâ”¬[0m  
 [38;5;240m  â”‚[0m [31mâ•°[0m[31mâ”€[0m[31mâ”€[0m Unexpected character: got '[31mx[39m', wanted [33mvalid JSON character[39m
[38;5;246mâ”€â”€â”€â•¯[0m
