---
source: facet-json/tests/integration/read.rs
expression: e.to_string()
---
[31mError:[0m Error at [33m$[39m
   [38;5;246mâ•­[0m[38;5;246mâ”€[0m[38;5;246m[[0m json:1:3 [38;5;246m][0m
   [38;5;246mâ”‚[0m
 [38;5;246m1 â”‚[0m [38;5;249m{[0m[38;5;249m}[0m
 [38;5;240m  â”‚[0m   [31mâ”‚[0m 
 [38;5;240m  â”‚[0m   [31mâ•°[0m[31mâ”€[0m Missing required field: original_field
[38;5;246mâ”€â”€â”€â•¯[0m
