---
source: facet-json2/tests/integration/err.rs
expression: err
---
[31mError:[0m 
   [38;5;246mâ•­[0m[38;5;246mâ”€[0m[38;5;246m[[0m json:1:1 [38;5;246m][0m
   [38;5;246mâ”‚[0m
 [38;5;246m1 â”‚[0m [38;5;249m][0m
 [38;5;240m  â”‚[0m [31mâ”‚[0m 
 [38;5;240m  â”‚[0m [31mâ•°[0m[31mâ”€[0m Operation failed on shape (): cannot push elements to unit type ()
[38;5;246mâ”€â”€â”€â•¯[0m
