---
source: facet-msgpack/tests/integration/err.rs
expression: err
---
Unexpected MessagePack type
